// Jest Snapshot v1, https://goo.gl/fbAQLP

exports[`ContactPage renders correctly 1`] = `
<div
  className="page"
>
  <div
    className="contact__preheader"
  >
    even though this is a dog boarding and daycare website,
  </div>
  <div
    className="contact__header"
  >
    talk to a human
  </div>
  <div
    className="contact__subheader"
  >
    Want to ask for spot availability or make a meet and greet appointment?
    <br />
    Fill out this form below and we will get back to you soon!
  </div>
  <div
    className="contact-form"
  >
    <div
      className="contact-form__left"
    >
      <input
        className="contact-form__field"
        name="ownerName"
        onChange={[Function]}
        placeholder="*Name of the dog owner"
        type="text"
      />
      <input
        className="contact-form__field"
        name="dogName"
        onChange={[Function]}
        placeholder="*Name of the furbaby"
        type="text"
      />
      <input
        className="contact-form__field"
        name="ownerEmail"
        onChange={[Function]}
        placeholder="*Dog owner's email address"
        type="text"
      />
      <input
        className="contact-form__field"
        name="subject"
        onChange={[Function]}
        placeholder="*What's the message about"
        type="text"
      />
    </div>
    <div
      className="contact-form__right"
    >
      <textarea
        className="contact-form__field contact-form__field--body"
        name="body"
        onChange={[Function]}
        placeholder="*Your message"
      />
      <div
        className="contact-form__submit"
        onClick={[Function]}
      >
        send message
      </div>
    </div>
  </div>
  <div
    className="contact__location"
  >
    <div
      className="contact__location__pin-icon"
    />
    <div
      className="contact__location__right"
    >
      <div
        className="contact__location__info"
      >
        Palatine, IL
      </div>
      <div
        className="contact__location__info"
      >
        USA
      </div>
    </div>
  </div>
</div>
`;
