// Jest Snapshot v1, https://goo.gl/fbAQLP

exports[`Pawstay renders coorectly 1`] = `
<div
  className="root"
>
  <div
    className="toolbar"
  >
    <div
      className="toolbar__content"
    >
      <div
        className="toolbar__logo"
        onClick={[Function]}
      />
      <div
        className="toolbar__menu-item"
        onClick={[Function]}
      >
        about us
      </div>
      <div
        className="toolbar__menu-item"
        onClick={[Function]}
      >
        our service
      </div>
      <div
        className="toolbar__menu-item"
        onClick={[Function]}
      >
        contact us
      </div>
    </div>
  </div>
  <div
    className="home"
  >
    <div
      className="home__blurb"
    >
      <div
        className="home__blurb__hello"
      >
        hello
      </div>
      <div
        className="home__blurb__who-we-are"
      >
        we are
      </div>
      <div
        className="home__blurb__who-we-are"
      >
        a personal owned and home based
      </div>
      <div
        className="home__blurb__who-we-are"
      >
        dog boarding and daycare
      </div>
    </div>
    <div
      className="home__darby"
    />
  </div>
</div>
`;
